// Jest Snapshot v1, https://goo.gl/fbAQLP

exports[`renders the UI as expected 1`] = `
<footer
  className="footer"
>
  <p
    className="footer_content"
  >
    MyHealthHacker
  </p>
  <p
    className="footer_content"
  >
    Â© 2021
  </p>
</footer>
`;
